[0;36m==> [1;36mNotice:[m Build may be slow as Theos isn’t using all available CPU cores on this computer. Consider upgrading GNU Make: https://theos.dev/docs/parallel-building
[1;31m> [1;3;39mMaking all for tweak MapAdKiller…[m
[0;31m==> [1;39mPreprocessing Tweak.xm…[m
[0;32m==> [1;39mCompiling Tweak.xm (arm64)…[m
[0;33m==> [1;39mLinking tweak MapAdKiller (arm64)…[m
ld: warning: -multiply_defined is obsolete
[0;34m==> [1;39mGenerating debug symbols for MapAdKiller…[m
[0;34m==> [1;39mStripping MapAdKiller (arm64)…[m
[0;31m==> [1;39mPreprocessing Tweak.xm…[m
[0;32m==> [1;39mCompiling Tweak.xm (arm64e)…[m
[0;33m==> [1;39mLinking tweak MapAdKiller (arm64e)…[m
ld: warning: -multiply_defined is obsolete
[0;34m==> [1;39mGenerating debug symbols for MapAdKiller…[m
[0;34m==> [1;39mStripping MapAdKiller (arm64e)…[m
[0;34m==> [1;39mMerging tweak MapAdKiller…[m
[0;34m==> [1;39mSigning MapAdKiller…[m
[1;31m> [1;3;39mMaking all in Preferences…[m
[0;36m==> [1;36mNotice:[m Build may be slow as Theos isn’t using all available CPU cores on this computer. Consider upgrading GNU Make: https://theos.dev/docs/parallel-building
[1;31m> [1;3;39mMaking all for bundle MapAdKillerSettings…[m
[0;35m==> [1;39mCopying resource directories into the bundle wrapper…[m
[0;32m==> [1;39mCompiling MapAdKillerSettingsController.m (arm64)…[m
[0;33m==> [1;39mLinking bundle MapAdKillerSettings (arm64)…[m
ld: warning: -multiply_defined is obsolete
[0;34m==> [1;39mGenerating debug symbols for MapAdKillerSettings…[m
[0;34m==> [1;39mStripping MapAdKillerSettings (arm64)…[m
[0;32m==> [1;39mCompiling MapAdKillerSettingsController.m (arm64e)…[m
[0;33m==> [1;39mLinking bundle MapAdKillerSettings (arm64e)…[m
ld: warning: -multiply_defined is obsolete
[0;34m==> [1;39mGenerating debug symbols for MapAdKillerSettings…[m
[0;34m==> [1;39mStripping MapAdKillerSettings (arm64e)…[m
[0;34m==> [1;39mMerging bundle MapAdKillerSettings…[m
[0;34m==> [1;39mSigning MapAdKillerSettings…[m
[1;31m> [1;3;39mMaking stage for tweak MapAdKiller…[m
[1;31m> [1;3;39mMaking stage in Preferences…[m
[1;31m> [1;3;39mMaking stage for bundle MapAdKillerSettings…[m
dm.pl: building package `com.yxh41.mapadkiller:iphoneos-arm64e' in `./packages/com.yxh41.mapadkiller_0.0.1+f828085_iphoneos-arm64e.deb'
